------------------------------------------------------------
TimeQuest Timing Analyzer Summary
------------------------------------------------------------

Type  : Slow 1200mV 85C Model Setup 'clock'
Slack : -10.611
TNS   : -1724.806

Type  : Slow 1200mV 85C Model Setup 'ForceWriteToR31MuxOutWB[1]'
Slack : -3.977
TNS   : -250.691

Type  : Slow 1200mV 85C Model Hold 'ForceWriteToR31MuxOutWB[1]'
Slack : 0.255
TNS   : 0.000

Type  : Slow 1200mV 85C Model Hold 'clock'
Slack : 0.372
TNS   : 0.000

Type  : Slow 1200mV 85C Model Minimum Pulse Width 'clock'
Slack : -3.000
TNS   : -461.568

Type  : Slow 1200mV 85C Model Minimum Pulse Width 'ForceWriteToR31MuxOutWB[1]'
Slack : 0.413
TNS   : 0.000

Type  : Slow 1200mV 0C Model Setup 'clock'
Slack : -9.415
TNS   : -1514.356

Type  : Slow 1200mV 0C Model Setup 'ForceWriteToR31MuxOutWB[1]'
Slack : -3.563
TNS   : -221.664

Type  : Slow 1200mV 0C Model Hold 'ForceWriteToR31MuxOutWB[1]'
Slack : 0.312
TNS   : 0.000

Type  : Slow 1200mV 0C Model Hold 'clock'
Slack : 0.339
TNS   : 0.000

Type  : Slow 1200mV 0C Model Minimum Pulse Width 'clock'
Slack : -3.000
TNS   : -461.568

Type  : Slow 1200mV 0C Model Minimum Pulse Width 'ForceWriteToR31MuxOutWB[1]'
Slack : 0.419
TNS   : 0.000

Type  : Fast 1200mV 0C Model Setup 'clock'
Slack : -5.706
TNS   : -869.334

Type  : Fast 1200mV 0C Model Setup 'ForceWriteToR31MuxOutWB[1]'
Slack : -2.056
TNS   : -105.719

Type  : Fast 1200mV 0C Model Hold 'ForceWriteToR31MuxOutWB[1]'
Slack : -0.019
TNS   : -0.019

Type  : Fast 1200mV 0C Model Hold 'clock'
Slack : 0.169
TNS   : 0.000

Type  : Fast 1200mV 0C Model Minimum Pulse Width 'clock'
Slack : -3.000
TNS   : -454.104

Type  : Fast 1200mV 0C Model Minimum Pulse Width 'ForceWriteToR31MuxOutWB[1]'
Slack : 0.355
TNS   : 0.000

------------------------------------------------------------
